Ditemukan 417 PDF files
Sudah ada 825 konteks di DB
[11/417] Inserted: 0 | Skipped: 10 | Errors: 0
[12/417] Inserted: 0 | Skipped: 10 | Errors: 0
[13/417] Inserted: 0 | Skipped: 10 | Errors: 0
[20/417] Inserted: 438 | Skipped: 13 | Errors: 0
[40/417] Inserted: 649 | Skipped: 13 | Errors: 0
[60/417] Inserted: 659 | Skipped: 13 | Errors: 0
[80/417] Inserted: 659 | Skipped: 13 | Errors: 0
[100/417] Inserted: 659 | Skipped: 13 | Errors: 0
  ERROR BONUS GRATIS\TOEFL & IELTS\IELTS\Cambridge\C.16\Listening\16.1_ Audioscripts Cambridge IELTS 16 Listening.pdf: A string literal cannot contain NUL (0x00) characters.
[120/417] Inserted: 667 | Skipped: 13 | Errors: 1
  ERROR BONUS GRATIS\TOEFL & IELTS\IELTS\Cambridge\C.17\Reading\17.1_Cambridge IELTS 17 Reading_Answer Key.pdf: No /Root object! - Is this really a PDF?
  ERROR BONUS GRATIS\TOEFL & IELTS\IELTS\Cambridge\C.17\Reading\17.2_Cambridge IELTS 17 Reading_Answer Key.pdf: No /Root object! - Is this really a PDF?
  ERROR BONUS GRATIS\TOEFL & IELTS\IELTS\Cambridge\C.17\Reading\17.3_Cambridge IELTS 17 Reading_Answer Key.pdf: No /Root object! - Is this really a PDF?
[140/417] Inserted: 670 | Skipped: 13 | Errors: 4
[160/417] Inserted: 670 | Skipped: 13 | Errors: 4
  ERROR BONUS GRATIS\TOEFL & IELTS\IELTS\IELLTSpresso\Superintensive Class\Excercises\Listening\LISTENING 13.1\LISTENING 13.1\Listening 13.1.pdf: No /Root object! - Is this really a PDF?
[180/417] Inserted: 671 | Skipped: 13 | Errors: 5
  ERROR BONUS GRATIS\TOEFL & IELTS\IELTS\IELTSPresso\Materials\Get IELTS Band 9\Get IELTS Band 9 Speaking.pdf: No /Root object! - Is this really a PDF?
  ERROR BONUS GRATIS\TOEFL & IELTS\IELTS\IELTSPresso\Materials\Master IELTS Writing\Master IELTS Visuals.pdf: No /Root object! - Is this really a PDF?
[220/417] Inserted: 688 | Skipped: 13 | Errors: 7
[240/417] Inserted: 1234 | Skipped: 13 | Errors: 7
  ERROR MATERI SKD CPNS KEJAKSAAN\AHLI PERTAMA - JAKSA\CONTOH SOAL\BUKU SOAL-SOAL HUKUM  SKB GUIDE II.pdf: No /Root object! - Is this really a PDF?
[260/417] Inserted: 1698 | Skipped: 13 | Errors: 8
  ERROR MATERI SKD CPNS KEJAKSAAN\AHLI PERTAMA - JAKSA\CONTOH SOAL\SKB CPNS KEJAKSAAN 2023-2024.pdf: No /Root object! - Is this really a PDF?
  ERROR MATERI SKD CPNS KEJAKSAAN\AHLI PERTAMA - JAKSA\CONTOH SOAL\SKB KEJAKSAAN .pdf: No /Root object! - Is this really a PDF?
[274/417] Inserted: 1900 | Skipped: 13 | Errors: 10
[275/417] Inserted: 1900 | Skipped: 13 | Errors: 10
[276/417] Inserted: 1900 | Skipped: 13 | Errors: 10
[277/417] Inserted: 1900 | Skipped: 13 | Errors: 10
[278/417] Inserted: 1900 | Skipped: 13 | Errors: 10
[279/417] Inserted: 1900 | Skipped: 13 | Errors: 10
[280/417] Inserted: 1900 | Skipped: 13 | Errors: 10
[281/417] Inserted: 1900 | Skipped: 13 | Errors: 10
[282/417] Inserted: 1900 | Skipped: 13 | Errors: 10
[283/417] Inserted: 1900 | Skipped: 13 | Errors: 10
[292/417] Inserted: 2900 | Skipped: 13 | Errors: 10
  ERROR SKB SEMUA BIDANG\SKB ALL BIDANG-1\AHLI PERTAMA - JAKSA\CONTOH SOAL\15.10 TKB Ilmu Hukum - CPNSONLINE.COM.pdf: No /Root object! - Is this really a PDF?
  ERROR SKB SEMUA BIDANG\SKB ALL BIDANG-1\AHLI PERTAMA - JAKSA\CONTOH SOAL\BUKU SOAL-SOAL HUKUM  SKB GUIDE II.pdf: No /Root object! - Is this really a PDF?
  ERROR SKB SEMUA BIDANG\SKB ALL BIDANG-1\AHLI PERTAMA - JAKSA\CONTOH SOAL\buku UJIAN ADVOKAT.pdf: No /Root object! - Is this really a PDF?
  ERROR SKB SEMUA BIDANG\SKB ALL BIDANG-1\AHLI PERTAMA - JAKSA\CONTOH SOAL\buku-1.pdf: No /Root object! - Is this really a PDF?
[300/417] Inserted: 2925 | Skipped: 13 | Errors: 14
  ERROR SKB SEMUA BIDANG\SKB ALL BIDANG-1\AHLI PERTAMA - JAKSA\CONTOH SOAL\Latihan Soal Essay Sipupa 2017.pdf: No /Root object! - Is this really a PDF?
  ERROR SKB SEMUA BIDANG\SKB ALL BIDANG-1\AHLI PERTAMA - JAKSA\CONTOH SOAL\Materi Sipupa - 15 Feb 2019.pdf: No /Root object! - Is this really a PDF?
  ERROR SKB SEMUA BIDANG\SKB ALL BIDANG-1\AHLI PERTAMA - JAKSA\CONTOH SOAL\SKB CPNS KEJAKSAAN 2023-2024.pdf: No /Root object! - Is this really a PDF?
  ERROR SKB SEMUA BIDANG\SKB ALL BIDANG-1\AHLI PERTAMA - JAKSA\CONTOH SOAL\SKB HUKUM UNDANG UNDANG  .pdf: No /Root object! - Is this really a PDF?
  ERROR SKB SEMUA BIDANG\SKB ALL BIDANG-1\AHLI PERTAMA - JAKSA\CONTOH SOAL\SKB KEJAKSAAN .pdf: No /Root object! - Is this really a PDF?
  ERROR SKB SEMUA BIDANG\SKB ALL BIDANG-1\AHLI PERTAMA - JAKSA\CONTOH SOAL\Soal Ganda TO Sipupa Lama.pdf: No /Root object! - Is this really a PDF?
  ERROR SKB SEMUA BIDANG\SKB ALL BIDANG-1\AHLI PERTAMA - JAKSA\CONTOH SOAL\SOAL TES CAKIM TAHUN 2007 II.pdf: No /Root object! - Is this really a PDF?
  ERROR SKB SEMUA BIDANG\SKB ALL BIDANG-1\AHLI PERTAMA - JAKSA\CONTOH SOAL\SOAL TES CAKIM TAHUN 2008.pdf: No /Root object! - Is this really a PDF?
  ERROR SKB SEMUA BIDANG\SKB ALL BIDANG-1\AHLI PERTAMA - JAKSA\CONTOH SOAL\Soal Try Out UPA.pdf: No /Root object! - Is this really a PDF?
  ERROR SKB SEMUA BIDANG\SKB ALL BIDANG-1\AHLI PERTAMA - JAKSA\CONTOH SOAL\SOAL UJIAN PROVESI ADVOKAT UPDATE.pdf: No /Root object! - Is this really a PDF?
  ERROR SKB SEMUA BIDANG\SKB ALL BIDANG-1\AHLI PERTAMA - JAKSA\CONTOH SOAL\TES KEMAMPUAN BIDANG HUKUM.pdf: No /Root object! - Is this really a PDF?
  ERROR SKB SEMUA BIDANG\SKB ALL BIDANG-1\AHLI PERTAMA - JAKSA\MATERI\ANALISIS KONTRAK.pdf: No /Root object! - Is this really a PDF?
  ERROR SKB SEMUA BIDANG\SKB ALL BIDANG-1\AHLI PERTAMA - JAKSA\MATERI\ARGUMENTASI HUKUM.pdf: No /Root object! - Is this really a PDF?
  ERROR SKB SEMUA BIDANG\SKB ALL BIDANG-1\AHLI PERTAMA - JAKSA\MATERI\ETIKA & TANGGUNG JAWAB PROFESI HUKUM.pdf: No /Root object! - Is this really a PDF?
  ERROR SKB SEMUA BIDANG\SKB ALL BIDANG-1\AHLI PERTAMA - JAKSA\MATERI\HUKUM ACARA MAHKAMAH KONSTITUSI.pdf: No /Root object! - Is this really a PDF?
  ERROR SKB SEMUA BIDANG\SKB ALL BIDANG-1\AHLI PERTAMA - JAKSA\MATERI\HUKUM ACARA PENGADILAN HAM.pdf: No /Root object! - Is this really a PDF?
  ERROR SKB SEMUA BIDANG\SKB ALL BIDANG-1\AHLI PERTAMA - JAKSA\MATERI\HUKUM ACARA PERADILAN AGAMA.pdf: No /Root object! - Is this really a PDF?
  ERROR SKB SEMUA BIDANG\SKB ALL BIDANG-1\AHLI PERTAMA - JAKSA\MATERI\Hukum Acara Persaingan Usaha.pdf: No /Root object! - Is this really a PDF?
  ERROR SKB SEMUA BIDANG\SKB ALL BIDANG-1\AHLI PERTAMA - JAKSA\MATERI\HUKUM ACARA PIDANA HASMAN USMAN.pdf: No /Root object! - Is this really a PDF?
  ERROR SKB SEMUA BIDANG\SKB ALL BIDANG-1\AHLI PERTAMA - JAKSA\MATERI\HUKUM ACARA PIDANA PROF SAID KARIM.pdf: No /Root object! - Is this really a PDF?
  ERROR SKB SEMUA BIDANG\SKB ALL BIDANG-1\AHLI PERTAMA - JAKSA\MATERI\Hukum Perlindungan Saksi dan Korban Peradi Jakbar-UIA 2020.pdf: No /Root object! - Is this really a PDF?
  ERROR SKB SEMUA BIDANG\SKB ALL BIDANG-1\AHLI PERTAMA - JAKSA\MATERI\ORGANISASI PERUSAHAAN.pdf: No /Root object! - Is this really a PDF?
  ERROR SKB SEMUA BIDANG\SKB ALL BIDANG-1\AHLI PERTAMA - JAKSA\MATERI\PENDAPAT HUKUM - DR. ALWI JAYA.pdf: No /Root object! - Is this really a PDF?
  ERROR SKB SEMUA BIDANG\SKB ALL BIDANG-1\AHLI PERTAMA - JAKSA\MATERI\PENDAPAT HUKUM - DR. H. MUSTAFA BOLA.pdf: No /Root object! - Is this really a PDF?
  ERROR SKB SEMUA BIDANG\SKB ALL BIDANG-1\AHLI PERTAMA - JAKSA\MATERI\PENELUSURAN HUKUM DAN DOKUMENTASI HUKUM.pdf: No /Root object! - Is this really a PDF?
  ERROR SKB SEMUA BIDANG\SKB ALL BIDANG-1\AHLI PERTAMA - JAKSA\MATERI\PERANCANGAN DAN ANALISIS KONTRAK.pdf: No /Root object! - Is this really a PDF?
  ERROR SKB SEMUA BIDANG\SKB ALL BIDANG-1\AHLI PERTAMA - JAKSA\MATERI\Prof. Anwar Borahima HUKUM ACARA P. NIAGA.pdf: No /Root object! - Is this really a PDF?
  ERROR SKB SEMUA BIDANG\SKB ALL BIDANG-1\AHLI PERTAMA - JAKSA\MATERI\PROSES BERACARA DI PENGADILAN DALAM PERKARA PERDATA.pdf: No /Root object! - Is this really a PDF?
  ERROR SKB SEMUA BIDANG\SKB ALL BIDANG-1\AHLI PERTAMA - JAKSA\MATERI\PTUN-FIKTIF POSITIF.pdf: No /Root object! - Is this really a PDF?
[340/417] Inserted: 3173 | Skipped: 13 | Errors: 43
  ERROR SKB SEMUA BIDANG\SKB ALL BIDANG-1\PPP & PENJAGA TAHANAN\CONTOH SOAL\CPNS 2023 - PERINGKAT 1 - SKB KEJAKSAAN.pdf: No /Root object! - Is this really a PDF?
  ERROR SKB SEMUA BIDANG\SKB ALL BIDANG-1\PPP & PENJAGA TAHANAN\CONTOH SOAL\SKB CPNS KEJAKSAAN 2023-2024.pdf: No /Root object! - Is this really a PDF?
  ERROR SKB SEMUA BIDANG\SKB ALL BIDANG-1\PPP & PENJAGA TAHANAN\CONTOH SOAL\SKB CPNS PPP DAN PENJAGA TAHANAN 2023-2024.pdf: No /Root object! - Is this really a PDF?
  ERROR SKB SEMUA BIDANG\SKB ALL BIDANG-1\PPP & PENJAGA TAHANAN\MATERI\AGAMA.pdf: No /Root object! - Is this really a PDF?
  ERROR SKB SEMUA BIDANG\SKB ALL BIDANG-1\PPP & PENJAGA TAHANAN\MATERI\Empat Pilar MPR RI.pdf: No /Root object! - Is this really a PDF?
[360/417] Inserted: 3770 | Skipped: 13 | Errors: 48
  ERROR SKB SEMUA BIDANG\SKB ALL BIDANG-1\PPP & PENJAGA TAHANAN\MATERI\OLAHRAGA.pdf: No /Root object! - Is this really a PDF?
[380/417] Inserted: 4958 | Skipped: 13 | Errors: 49
[400/417] Inserted: 5049 | Skipped: 13 | Errors: 49
  ERROR SKD CPNS\Kumpulan Modul\Mod CPNS 1-Raditya Panji Umbara.pdf: 
  ERROR SKD CPNS\Kumpulan Modul\Mod CPNS 2- Widyastuti dkk.pdf: 
  ERROR SKD CPNS\Kumpulan Modul\Mod CPNS 3- Tim B First.pdf: 
  ERROR SKD CPNS\Kumpulan Modul\Mod CPNS 7- Tim Garuda Eduka.pdf: 

Selesai! Total inserted: 5992 | Skipped: 13 | Errors: 53

Distribusi per kategori:
  TIU: 3592 chunks
  TKP: 1649 chunks
  TWK: 1576 chunks
